// Jest Snapshot v1, https://goo.gl/fbAQLP

exports[`calculator component ui verification should not regress and render ui correctly 1`] = `
<div
  className="calculator"
>
  <input
    className="calculator-screen"
    disabled={true}
    type="text"
    value={0}
  />
  <div
    className="calculator-keys"
  >
    <button
      className="operator"
      onClick={[Function]}
      type="button"
      value="+"
    >
      +
    </button>
    <button
      className="operator"
      onClick={[Function]}
      type="button"
      value="-"
    >
      -
    </button>
    <button
      className="operator"
      onClick={[Function]}
      type="button"
      value="*"
    >
      ×
    </button>
    <button
      className="operator"
      onClick={[Function]}
      type="button"
      value="/"
    >
      ÷
    </button>
    <button
      onClick={[Function]}
      type="button"
      value="7"
    >
      7
    </button>
    <button
      onClick={[Function]}
      type="button"
      value="8"
    >
      8
    </button>
    <button
      onClick={[Function]}
      type="button"
      value="9"
    >
      9
    </button>
    <button
      className="operator"
      onClick={[Function]}
      type="button"
      value="$"
    >
      √
    </button>
    <button
      onClick={[Function]}
      type="button"
      value="4"
    >
      4
    </button>
    <button
      onClick={[Function]}
      type="button"
      value="5"
    >
      5
    </button>
    <button
      onClick={[Function]}
      type="button"
      value="6"
    >
      6
    </button>
    <button
      className="operator"
      onClick={[Function]}
      type="button"
      value="#"
    >
      ³√
    </button>
    <button
      onClick={[Function]}
      type="button"
      value="3"
    >
      3
    </button>
    <button
      onClick={[Function]}
      type="button"
      value="2"
    >
      2
    </button>
    <button
      onClick={[Function]}
      type="button"
      value="0"
    >
      0
    </button>
    <button
      className="operator"
      onClick={[Function]}
      type="button"
      value="!"
    >
      !
    </button>
    <button
      onClick={[Function]}
      type="button"
      value="1"
    >
      1
    </button>
    <button
      className="operator"
      onClick={[Function]}
      type="button"
      value="^"
    >
      x
      <sup>
        y
      </sup>
    </button>
    <button
      onClick={[Function]}
      type="button"
      value="."
    >
      .
    </button>
    <button
      className="all-clear"
      onClick={[Function]}
      type="button"
      value=""
    >
      clr
    </button>
    <button
      className="equal-sign"
      onClick={[Function]}
      type="button"
      value="="
    >
      =
    </button>
  </div>
</div>
`;
